--------------------------------------------------------------------------------
Release 14.7 Trace  (nt)
Copyright (c) 1995-2013 Xilinx, Inc.  All rights reserved.

C:\Xilinx\14.7\ISE_DS\ISE\bin\nt\unwrapped\trce.exe -intstyle ise -v 3 -s 5 -n
3 -fastpaths -xml Main.twx Main.ncd -o Main.twr Main.pcf -ucf cunit.ucf

Design file:              Main.ncd
Physical constraint file: Main.pcf
Device,package,speed:     xc3s500e,ft256,-5 (PRODUCTION 1.27 2013-10-13)
Report level:             verbose report

Environment Variable      Effect 
--------------------      ------ 
NONE                      No environment variables were set
--------------------------------------------------------------------------------

INFO:Timing:2698 - No timing constraints found, doing default enumeration.
INFO:Timing:3412 - To improve timing, see the Timing Closure User Guide (UG612).
INFO:Timing:2752 - To get complete path coverage, use the unconstrained paths 
   option. All paths that are not constrained will be reported in the 
   unconstrained paths section(s) of the report.
INFO:Timing:3339 - The clock-to-out numbers in this timing report are based on 
   a 50 Ohm transmission line loading model.  For the details of this model, 
   and for more information on accounting for different loading conditions, 
   please see the device datasheet.
INFO:Timing:3390 - This architecture does not support a default System Jitter 
   value, please add SYSTEM_JITTER constraint to the UCF to modify the Clock 
   Uncertainty calculation.
INFO:Timing:3389 - This architecture does not support 'Discrete Jitter' and 
   'Phase Error' calculations, these terms will be zero in the Clock 
   Uncertainty calculation.  Please make appropriate modification to 
   SYSTEM_JITTER to account for the unsupported Discrete Jitter and Phase 
   Error.



Data Sheet report:
-----------------
All values displayed in nanoseconds (ns)

Setup/Hold to clock clk
---------------+------------+------------+------------------+--------+
               |Max Setup to|Max Hold to |                  | Clock  |
Source         | clk (edge) | clk (edge) |Internal Clock(s) | Phase  |
---------------+------------+------------+------------------+--------+
instruct_dir<0>|    4.132(R)|   -1.088(R)|clk_BUFGP         |   0.000|
instruct_dir<1>|    2.794(R)|   -0.037(R)|clk_BUFGP         |   0.000|
instruct_dir<2>|    3.380(R)|    0.010(R)|clk_BUFGP         |   0.000|
instruct_dir<3>|    4.763(R)|   -1.339(R)|clk_BUFGP         |   0.000|
instruct_dir<4>|    5.319(R)|   -1.784(R)|clk_BUFGP         |   0.000|
instruct_dir<5>|    4.667(R)|   -1.262(R)|clk_BUFGP         |   0.000|
instruct_dir<6>|    4.241(R)|   -0.922(R)|clk_BUFGP         |   0.000|
instruct_dir<7>|    4.377(R)|   -1.030(R)|clk_BUFGP         |   0.000|
---------------+------------+------------+------------------+--------+

Clock clk to Pad
------------+------------+------------------+--------+
            | clk (edge) |                  | Clock  |
Destination |   to PAD   |Internal Clock(s) | Phase  |
------------+------------+------------------+--------+
is_ovf      |   11.055(R)|clk_BUFGP         |   0.000|
is_zero     |    9.997(R)|clk_BUFGP         |   0.000|
register<0> |    9.414(R)|clk_BUFGP         |   0.000|
register<1> |    8.973(R)|clk_BUFGP         |   0.000|
register<2> |    9.858(R)|clk_BUFGP         |   0.000|
register<3> |   10.072(R)|clk_BUFGP         |   0.000|
register<4> |    8.973(R)|clk_BUFGP         |   0.000|
register<5> |    9.414(R)|clk_BUFGP         |   0.000|
register<6> |    9.858(R)|clk_BUFGP         |   0.000|
register<7> |   10.072(R)|clk_BUFGP         |   0.000|
------------+------------+------------------+--------+

Pad to Pad
---------------+---------------+---------+
Source Pad     |Destination Pad|  Delay  |
---------------+---------------+---------+
instruct_dir<0>|is_ovf         |   13.141|
instruct_dir<0>|is_zero        |   12.083|
instruct_dir<1>|is_ovf         |   11.803|
instruct_dir<1>|is_zero        |   10.745|
instruct_dir<2>|is_ovf         |   12.389|
instruct_dir<2>|is_zero        |   11.331|
instruct_dir<3>|is_ovf         |   13.772|
instruct_dir<3>|is_zero        |   12.714|
instruct_dir<4>|is_ovf         |   14.328|
instruct_dir<4>|is_zero        |   13.270|
instruct_dir<5>|is_ovf         |   13.676|
instruct_dir<5>|is_zero        |   12.618|
instruct_dir<6>|is_ovf         |   13.250|
instruct_dir<6>|is_zero        |   12.192|
instruct_dir<7>|is_ovf         |   13.386|
instruct_dir<7>|is_zero        |   12.328|
read_address<0>|register<0>    |    9.407|
read_address<0>|register<1>    |    8.966|
read_address<0>|register<2>    |    9.851|
read_address<0>|register<3>    |   10.065|
read_address<0>|register<4>    |    8.966|
read_address<0>|register<5>    |    9.407|
read_address<0>|register<6>    |    9.851|
read_address<0>|register<7>    |   10.065|
read_address<1>|register<0>    |    9.188|
read_address<1>|register<1>    |    8.747|
read_address<1>|register<2>    |    9.632|
read_address<1>|register<3>    |    9.846|
read_address<1>|register<4>    |    8.747|
read_address<1>|register<5>    |    9.188|
read_address<1>|register<6>    |    9.632|
read_address<1>|register<7>    |    9.846|
---------------+---------------+---------+


Analysis completed Thu Sep 15 21:43:06 2016 
--------------------------------------------------------------------------------

Trace Settings:
-------------------------
Trace Settings 

Peak Memory Usage: 117 MB



