Release 14.7 - xst P.20131013 (nt)
Copyright (c) 1995-2013 Xilinx, Inc.  All rights reserved.
--> Parameter TMPDIR set to xst/projnav.tmp


Total REAL time to Xst completion: 0.00 secs
Total CPU time to Xst completion: 0.08 secs
 
--> Parameter xsthdpdir set to xst


Total REAL time to Xst completion: 0.00 secs
Total CPU time to Xst completion: 0.08 secs
 
--> Reading design: Main.prj

TABLE OF CONTENTS
  1) Synthesis Options Summary
  2) HDL Compilation
  3) Design Hierarchy Analysis
  4) HDL Analysis
  5) HDL Synthesis
     5.1) HDL Synthesis Report
  6) Advanced HDL Synthesis
     6.1) Advanced HDL Synthesis Report
  7) Low Level Synthesis
  8) Partition Report
  9) Final Report
	9.1) Device utilization summary
	9.2) Partition Resource Summary
	9.3) TIMING REPORT


=========================================================================
*                      Synthesis Options Summary                        *
=========================================================================
---- Source Parameters
Input File Name                    : "Main.prj"
Input Format                       : mixed
Ignore Synthesis Constraint File   : NO

---- Target Parameters
Output File Name                   : "Main"
Output Format                      : NGC
Target Device                      : xc3s500e-5-ft256

---- Source Options
Top Module Name                    : Main
Automatic FSM Extraction           : YES
FSM Encoding Algorithm             : Auto
Safe Implementation                : No
FSM Style                          : LUT
RAM Extraction                     : Yes
RAM Style                          : Auto
ROM Extraction                     : Yes
Mux Style                          : Auto
Decoder Extraction                 : YES
Priority Encoder Extraction        : Yes
Shift Register Extraction          : YES
Logical Shifter Extraction         : YES
XOR Collapsing                     : YES
ROM Style                          : Auto
Mux Extraction                     : Yes
Resource Sharing                   : YES
Asynchronous To Synchronous        : NO
Multiplier Style                   : Auto
Automatic Register Balancing       : No

---- Target Options
Add IO Buffers                     : YES
Global Maximum Fanout              : 100000
Add Generic Clock Buffer(BUFG)     : 24
Register Duplication               : YES
Slice Packing                      : YES
Optimize Instantiated Primitives   : NO
Use Clock Enable                   : Yes
Use Synchronous Set                : Yes
Use Synchronous Reset              : Yes
Pack IO Registers into IOBs        : Auto
Equivalent register Removal        : YES

---- General Options
Optimization Goal                  : Speed
Optimization Effort                : 1
Keep Hierarchy                     : No
Netlist Hierarchy                  : As_Optimized
RTL Output                         : Yes
Global Optimization                : AllClockNets
Read Cores                         : YES
Write Timing Constraints           : NO
Cross Clock Analysis               : NO
Hierarchy Separator                : /
Bus Delimiter                      : <>
Case Specifier                     : Maintain
Slice Utilization Ratio            : 100
BRAM Utilization Ratio             : 100
Verilog 2001                       : YES
Auto BRAM Packing                  : NO
Slice Utilization Ratio Delta      : 5

=========================================================================


=========================================================================
*                          HDL Compilation                              *
=========================================================================
Compiling verilog file "SyncRAM.v" in library work
Compiling verilog file "RegisterFile.v" in library work
Module <SyncRAM> compiled
Compiling verilog file "PC.v" in library work
Module <RegisterFile> compiled
Compiling verilog file "MoveMux.v" in library work
Module <PC> compiled
Compiling verilog file "Jumps.v" in library work
Module <MoveMux> compiled
Compiling verilog file "InstructionMemory.v" in library work
Module <Jumps> compiled
Compiling verilog file "ControlUnit.v" in library work
Module <InstructionMemory> compiled
Compiling verilog file "ALU.v" in library work
Module <ControleUnit> compiled
Compiling verilog file "Main.v" in library work
Module <ALU> compiled
Module <Main> compiled
No errors in compilation
Analysis of file <"Main.prj"> succeeded.
 

=========================================================================
*                     Design Hierarchy Analysis                         *
=========================================================================
Analyzing hierarchy for module <Main> in library <work>.

Analyzing hierarchy for module <PC> in library <work>.

Analyzing hierarchy for module <InstructionMemory> in library <work>.

Analyzing hierarchy for module <RegisterFile> in library <work>.

Analyzing hierarchy for module <ControleUnit> in library <work> with parameters.
	ADD = "00001"
	ADDI = "01010"
	AND = "00100"
	CMP = "01100"
	JG = "01111"
	JL = "10000"
	JNZ = "01110"
	JUMP = "10001"
	JZ = "01101"
	LI = "01001"
	LW = "00111"
	MOV = "00110"
	NOP = "00000"
	OR = "00011"
	SUB = "00010"
	SUBI = "01011"
	SW = "01000"
	XOR = "00101"

Analyzing hierarchy for module <Jumps> in library <work>.

Analyzing hierarchy for module <ALU> in library <work> with parameters.
	ADD = "000"
	AND = "010"
	OR = "011"
	SUB = "001"
	XOR = "100"

Analyzing hierarchy for module <SyncRAM> in library <work>.

Analyzing hierarchy for module <MoveMux> in library <work>.


=========================================================================
*                            HDL Analysis                               *
=========================================================================
Analyzing top module <Main>.
Module <Main> is correct for synthesis.
 
Analyzing module <PC> in library <work>.
Module <PC> is correct for synthesis.
 
Analyzing module <InstructionMemory> in library <work>.
Module <InstructionMemory> is correct for synthesis.
 
Analyzing module <RegisterFile> in library <work>.
Module <RegisterFile> is correct for synthesis.
 
Analyzing module <ControleUnit> in library <work>.
	ADD = 5'b00001
	ADDI = 5'b01010
	AND = 5'b00100
	CMP = 5'b01100
	JG = 5'b01111
	JL = 5'b10000
	JNZ = 5'b01110
	JUMP = 5'b10001
	JZ = 5'b01101
	LI = 5'b01001
	LW = 5'b00111
	MOV = 5'b00110
	NOP = 5'b00000
	OR = 5'b00011
	SUB = 5'b00010
	SUBI = 5'b01011
	SW = 5'b01000
	XOR = 5'b00101
Module <ControleUnit> is correct for synthesis.
 
Analyzing module <Jumps> in library <work>.
Module <Jumps> is correct for synthesis.
 
Analyzing module <ALU> in library <work>.
	ADD = 3'b000
	AND = 3'b010
	OR = 3'b011
	SUB = 3'b001
	XOR = 3'b100
WARNING:Xst:905 - "ALU.v" line 22: One or more signals are missing in the sensitivity list of always block. To enable synthesis of FPGA/CPLD hardware, XST will assume that all necessary signals are present in the sensitivity list. Please note that the result of the synthesis may differ from the initial design specification. The missing signals are:
   <result_data>
Module <ALU> is correct for synthesis.
 
Analyzing module <SyncRAM> in library <work>.
INFO:Xst:1607 - Contents of array <mem_data> may be accessed with an index that does not cover the full array size.
INFO:Xst:1607 - Contents of array <mem_data> may be accessed with an index that does not cover the full array size.
Module <SyncRAM> is correct for synthesis.
 
Analyzing module <MoveMux> in library <work>.
WARNING:Xst:905 - "MoveMux.v" line 19: One or more signals are missing in the sensitivity list of always block. To enable synthesis of FPGA/CPLD hardware, XST will assume that all necessary signals are present in the sensitivity list. Please note that the result of the synthesis may differ from the initial design specification. The missing signals are:
   <immediate>, <move_data>, <w_mem>
Module <MoveMux> is correct for synthesis.
 

=========================================================================
*                           HDL Synthesis                               *
=========================================================================

Performing bidirectional port resolution...

Synthesizing Unit <PC>.
    Related source file is "PC.v".
Unit <PC> synthesized.


Synthesizing Unit <InstructionMemory>.
    Related source file is "InstructionMemory.v".
    Found 16x16-bit ROM for signal <data$mux0000>.
    Summary:
	inferred   1 ROM(s).
Unit <InstructionMemory> synthesized.


Synthesizing Unit <RegisterFile>.
    Related source file is "RegisterFile.v".
    Found 4x8-bit dual-port RAM <Mram_registers> for signal <registers>.
    Found 4x8-bit dual-port RAM <Mram_registers_ren> for signal <registers>.
    Found 4x8-bit dual-port RAM <Mram_registers_ren_1> for signal <registers>.
    Summary:
	inferred   3 RAM(s).
Unit <RegisterFile> synthesized.


Synthesizing Unit <ControleUnit>.
    Related source file is "ControlUnit.v".
Unit <ControleUnit> synthesized.


Synthesizing Unit <Jumps>.
    Related source file is "Jumps.v".
Unit <Jumps> synthesized.


Synthesizing Unit <ALU>.
    Related source file is "ALU.v".
    Found 4-bit comparator greater for signal <is_ovf$cmp_gt0000> created at line 40.
    Found 9-bit comparator less for signal <is_ovf$cmp_lt0000> created at line 40.
    Found 9-bit comparator less for signal <is_ovf$cmp_lt0001> created at line 40.
    Found 4-bit addsub for signal <old_result_data_3$addsub0000>.
    Found 8-bit xor2 for signal <result_data$xor0000> created at line 34.
    Summary:
	inferred   1 Adder/Subtractor(s).
	inferred   3 Comparator(s).
Unit <ALU> synthesized.


Synthesizing Unit <SyncRAM>.
    Related source file is "SyncRAM.v".
    Found 4x8-bit single-port RAM <Mram_mem_data> for signal <mem_data>.
    Found 8-bit register for signal <read_data>.
    Summary:
	inferred   1 RAM(s).
	inferred   8 D-type flip-flop(s).
Unit <SyncRAM> synthesized.


Synthesizing Unit <MoveMux>.
    Related source file is "MoveMux.v".
Unit <MoveMux> synthesized.


Synthesizing Unit <Main>.
    Related source file is "Main.v".
WARNING:Xst:647 - Input <finish> is never used. This port will be preserved and left unconnected if it belongs to a top-level block or it belongs to a sub-block and the hierarchy of this sub-block is preserved.
WARNING:Xst:647 - Input <instruction> is never used. This port will be preserved and left unconnected if it belongs to a top-level block or it belongs to a sub-block and the hierarchy of this sub-block is preserved.
WARNING:Xst:647 - Input <read_enable> is never used. This port will be preserved and left unconnected if it belongs to a top-level block or it belongs to a sub-block and the hierarchy of this sub-block is preserved.
WARNING:Xst:647 - Input <we> is never used. This port will be preserved and left unconnected if it belongs to a top-level block or it belongs to a sub-block and the hierarchy of this sub-block is preserved.
WARNING:Xst:1306 - Output <LED> is never assigned.
WARNING:Xst:646 - Signal <write_flags> is assigned but never used. This unconnected signal will be trimmed during the optimization process.
WARNING:Xst:653 - Signal <write_data> is used but never assigned. This sourceless signal will be automatically connected to value 0.
WARNING:Xst:1780 - Signal <move_data> is never used or assigned. This unconnected signal will be trimmed during the optimization process.
WARNING:Xst:646 - Signal <m_data> is assigned but never used. This unconnected signal will be trimmed during the optimization process.
WARNING:Xst:646 - Signal <imem_instruction<0>> is assigned but never used. This unconnected signal will be trimmed during the optimization process.
    Found 1-bit adder carry out for signal <new_PC$addsub0000> created at line 51.
    Found 8-bit register for signal <operand2>.
    Summary:
	inferred   8 D-type flip-flop(s).
	inferred   1 Adder/Subtractor(s).
Unit <Main> synthesized.

INFO:Xst:1767 - HDL ADVISOR - Resource sharing has identified that some arithmetic operations in this design can share the same physical resources for reduced device utilization. For improved clock frequency you may try to disable resource sharing.

=========================================================================
HDL Synthesis Report

Macro Statistics
# RAMs                                                 : 4
 4x8-bit dual-port RAM                                 : 3
 4x8-bit single-port RAM                               : 1
# ROMs                                                 : 1
 16x16-bit ROM                                         : 1
# Adders/Subtractors                                   : 2
 1-bit adder carry out                                 : 1
 4-bit addsub                                          : 1
# Registers                                            : 2
 8-bit register                                        : 2
# Comparators                                          : 3
 4-bit comparator greater                              : 1
 9-bit comparator less                                 : 2
# Xors                                                 : 1
 8-bit xor2                                            : 1

=========================================================================

=========================================================================
*                       Advanced HDL Synthesis                          *
=========================================================================

WARNING:Xst:524 - All outputs of the instance <pc> of the block <PC> are unconnected in block <Main>.
   This instance will be removed from the design along with all underlying logic
WARNING:Xst:524 - All outputs of the instance <jmps> of the block <Jumps> are unconnected in block <Main>.
   This instance will be removed from the design along with all underlying logic
WARNING:Xst:1290 - Hierarchical block <sram> is unconnected in block <Main>.
   It will be removed from the design.
WARNING:Xst:1290 - Hierarchical block <mMux> is unconnected in block <Main>.
   It will be removed from the design.

Synthesizing (advanced) Unit <RegisterFile>.
INFO:Xst:3218 - HDL ADVISOR - The RAM <Mram_registers> will be implemented on LUTs either because you have described an asynchronous read or because of currently unsupported block RAM features. If you have described an asynchronous read, making it synchronous would allow you to take advantage of available block RAM resources, for optimized device usage and improved timings. Please refer to your documentation for coding guidelines.
    -----------------------------------------------------------------------
    | ram_type           | Distributed                         |          |
    -----------------------------------------------------------------------
    | Port A                                                              |
    |     aspect ratio   | 4-word x 8-bit                      |          |
    |     clkA           | connected to signal <clk>           | rise     |
    |     weA            | connected to signal <write_enable>  | high     |
    |     addrA          | connected to signal <write_addr>    |          |
    |     diA            | connected to signal <write_data>    |          |
    -----------------------------------------------------------------------
    | Port B                                                              |
    |     aspect ratio   | 4-word x 8-bit                      |          |
    |     addrB          | connected to signal <read_addr1>    |          |
    |     doB            | connected to signal <read_data1>    |          |
    -----------------------------------------------------------------------
INFO:Xst:3218 - HDL ADVISOR - The RAM <Mram_registers_ren> will be implemented on LUTs either because you have described an asynchronous read or because of currently unsupported block RAM features. If you have described an asynchronous read, making it synchronous would allow you to take advantage of available block RAM resources, for optimized device usage and improved timings. Please refer to your documentation for coding guidelines.
    -----------------------------------------------------------------------
    | ram_type           | Distributed                         |          |
    -----------------------------------------------------------------------
    | Port A                                                              |
    |     aspect ratio   | 4-word x 8-bit                      |          |
    |     clkA           | connected to signal <clk>           | rise     |
    |     weA            | connected to signal <write_enable>  | high     |
    |     addrA          | connected to signal <write_addr>    |          |
    |     diA            | connected to signal <write_data>    |          |
    -----------------------------------------------------------------------
    | Port B                                                              |
    |     aspect ratio   | 4-word x 8-bit                      |          |
    |     addrB          | connected to signal <read_addr2>    |          |
    |     doB            | connected to signal <read_data2>    |          |
    -----------------------------------------------------------------------
INFO:Xst:3218 - HDL ADVISOR - The RAM <Mram_registers_ren_1> will be implemented on LUTs either because you have described an asynchronous read or because of currently unsupported block RAM features. If you have described an asynchronous read, making it synchronous would allow you to take advantage of available block RAM resources, for optimized device usage and improved timings. Please refer to your documentation for coding guidelines.
    -----------------------------------------------------------------------
    | ram_type           | Distributed                         |          |
    -----------------------------------------------------------------------
    | Port A                                                              |
    |     aspect ratio   | 4-word x 8-bit                      |          |
    |     clkA           | connected to signal <clk>           | rise     |
    |     weA            | connected to signal <write_enable>  | high     |
    |     addrA          | connected to signal <write_addr>    |          |
    |     diA            | connected to signal <write_data>    |          |
    -----------------------------------------------------------------------
    | Port B                                                              |
    |     aspect ratio   | 4-word x 8-bit                      |          |
    |     addrB          | connected to signal <read_addr_offline> |          |
    |     doB            | connected to signal <read_data_offline> |          |
    -----------------------------------------------------------------------
Unit <RegisterFile> synthesized (advanced).

Synthesizing (advanced) Unit <SyncRAM>.
INFO:Xst:3231 - The small RAM <Mram_mem_data> will be implemented on LUTs in order to maximize performance and save block RAM resources. If you want to force its implementation on block, use option/constraint ram_style.
    -----------------------------------------------------------------------
    | ram_type           | Distributed                         |          |
    -----------------------------------------------------------------------
    | Port A                                                              |
    |     aspect ratio   | 4-word x 8-bit                      |          |
    |     clkA           | connected to signal <clk>           | rise     |
    |     weA            | connected to signal <we>            | high     |
    |     addrA          | connected to signal <address>       |          |
    |     diA            | connected to signal <data_in>       |          |
    |     doA            | connected to internal node          |          |
    -----------------------------------------------------------------------
Unit <SyncRAM> synthesized (advanced).

=========================================================================
Advanced HDL Synthesis Report

Macro Statistics
# RAMs                                                 : 4
 4x8-bit dual-port distributed RAM                     : 3
 4x8-bit single-port distributed RAM                   : 1
# ROMs                                                 : 1
 16x16-bit ROM                                         : 1
# Adders/Subtractors                                   : 1
 4-bit addsub                                          : 1
# Registers                                            : 16
 Flip-Flops                                            : 16
# Comparators                                          : 3
 4-bit comparator greater                              : 1
 9-bit comparator less                                 : 2
# Xors                                                 : 1
 8-bit xor2                                            : 1

=========================================================================

=========================================================================
*                         Low Level Synthesis                           *
=========================================================================
WARNING:Xst:524 - All outputs of the instance <sram> of the block <SyncRAM> are unconnected in block <Main>.
   This instance will be removed from the design along with all underlying logic

Optimizing unit <Main> ...

Optimizing unit <ALU> ...

Optimizing unit <SyncRAM> ...
WARNING:Xst:2677 - Node <operand2_4> of sequential type is unconnected in block <Main>.
WARNING:Xst:2677 - Node <operand2_5> of sequential type is unconnected in block <Main>.
WARNING:Xst:2677 - Node <operand2_6> of sequential type is unconnected in block <Main>.
WARNING:Xst:2677 - Node <rfile/Mram_registers_ren5> of sequential type is unconnected in block <Main>.
WARNING:Xst:2677 - Node <rfile/Mram_registers_ren6> of sequential type is unconnected in block <Main>.
WARNING:Xst:2677 - Node <rfile/Mram_registers_ren7> of sequential type is unconnected in block <Main>.
WARNING:Xst:2677 - Node <rfile/Mram_registers5> of sequential type is unconnected in block <Main>.
WARNING:Xst:2677 - Node <rfile/Mram_registers6> of sequential type is unconnected in block <Main>.
WARNING:Xst:2677 - Node <rfile/Mram_registers7> of sequential type is unconnected in block <Main>.
INFO:Xst:2399 - RAMs <rfile/Mram_registers_ren_11>, <rfile/Mram_registers_ren_12> are equivalent, second RAM is removed
INFO:Xst:2399 - RAMs <rfile/Mram_registers_ren_11>, <rfile/Mram_registers_ren_15> are equivalent, second RAM is removed
INFO:Xst:2399 - RAMs <rfile/Mram_registers_ren_11>, <rfile/Mram_registers_ren_13> are equivalent, second RAM is removed
INFO:Xst:2399 - RAMs <rfile/Mram_registers_ren_11>, <rfile/Mram_registers_ren_14> are equivalent, second RAM is removed
INFO:Xst:2399 - RAMs <rfile/Mram_registers_ren_11>, <rfile/Mram_registers_ren_18> are equivalent, second RAM is removed
INFO:Xst:2399 - RAMs <rfile/Mram_registers_ren_11>, <rfile/Mram_registers_ren_16> are equivalent, second RAM is removed
INFO:Xst:2399 - RAMs <rfile/Mram_registers_ren_11>, <rfile/Mram_registers_ren_17> are equivalent, second RAM is removed
INFO:Xst:2399 - RAMs <rfile/Mram_registers_ren3>, <rfile/Mram_registers_ren1> are equivalent, second RAM is removed
INFO:Xst:2399 - RAMs <rfile/Mram_registers_ren3>, <rfile/Mram_registers_ren2> are equivalent, second RAM is removed
INFO:Xst:2399 - RAMs <rfile/Mram_registers_ren3>, <rfile/Mram_registers_ren4> are equivalent, second RAM is removed
INFO:Xst:2399 - RAMs <rfile/Mram_registers_ren3>, <rfile/Mram_registers_ren8> are equivalent, second RAM is removed
INFO:Xst:2399 - RAMs <rfile/Mram_registers2>, <rfile/Mram_registers1> are equivalent, second RAM is removed
INFO:Xst:2399 - RAMs <rfile/Mram_registers2>, <rfile/Mram_registers3> are equivalent, second RAM is removed
INFO:Xst:2399 - RAMs <rfile/Mram_registers2>, <rfile/Mram_registers4> are equivalent, second RAM is removed
INFO:Xst:2399 - RAMs <rfile/Mram_registers2>, <rfile/Mram_registers8> are equivalent, second RAM is removed

Mapping all equations...
Building and optimizing final netlist ...
INFO:Xst:2261 - The FF/Latch <operand2_0> in Unit <Main> is equivalent to the following 4 FFs/Latches, which will be removed : <operand2_1> <operand2_2> <operand2_3> <operand2_7> 
Found area constraint ratio of 100 (+ 5) on block Main, actual ratio is 0.

Final Macro Processing ...

=========================================================================
Final Register Report

Macro Statistics
# Registers                                            : 1
 Flip-Flops                                            : 1

=========================================================================

=========================================================================
*                           Partition Report                            *
=========================================================================

Partition Implementation Status
-------------------------------

  No Partitions were found in this design.

-------------------------------

=========================================================================
*                            Final Report                               *
=========================================================================
Final Results
RTL Top Level Output File Name     : Main.ngr
Top Level Output File Name         : Main
Output Format                      : NGC
Optimization Goal                  : Speed
Keep Hierarchy                     : No

Design Statistics
# IOs                              : 49

Cell Usage :
# BELS                             : 11
#      GND                         : 1
#      LUT3                        : 3
#      LUT4                        : 6
#      MUXF5                       : 1
# FlipFlops/Latches                : 1
#      FD                          : 1
# RAMS                             : 3
#      RAM16X1D                    : 3
# Clock Buffers                    : 1
#      BUFGP                       : 1
# IO Buffers                       : 21
#      IBUF                        : 10
#      OBUF                        : 11
=========================================================================

Device utilization summary:
---------------------------

Selected Device : 3s500eft256-5 

 Number of Slices:                        6  out of   4656     0%  
 Number of Slice Flip Flops:              1  out of   9312     0%  
 Number of 4 input LUTs:                 15  out of   9312     0%  
    Number used as logic:                 9
    Number used as RAMs:                  6
 Number of IOs:                          49
 Number of bonded IOBs:                  22  out of    190    11%  
 Number of GCLKs:                         1  out of     24     4%  

---------------------------
Partition Resource Summary:
---------------------------

  No Partitions were found in this design.

---------------------------


=========================================================================
TIMING REPORT

NOTE: THESE TIMING NUMBERS ARE ONLY A SYNTHESIS ESTIMATE.
      FOR ACCURATE TIMING INFORMATION PLEASE REFER TO THE TRACE REPORT
      GENERATED AFTER PLACE-and-ROUTE.

Clock Information:
------------------
-----------------------------------+------------------------+-------+
Clock Signal                       | Clock buffer(FF name)  | Load  |
-----------------------------------+------------------------+-------+
clk                                | BUFGP                  | 4     |
-----------------------------------+------------------------+-------+

Asynchronous Control Signals Information:
----------------------------------------
No asynchronous control signals found in this design

Timing Summary:
---------------
Speed Grade: -5

   Minimum period: 2.279ns (Maximum Frequency: 438.789MHz)
   Minimum input arrival time before clock: 5.310ns
   Maximum output required time after clock: 6.241ns
   Maximum combinational path delay: 9.786ns

Timing Detail:
--------------
All values displayed in nanoseconds (ns)

=========================================================================
Timing constraint: Default period analysis for Clock 'clk'
  Clock period: 2.279ns (frequency: 438.789MHz)
  Total number of paths / destination ports: 1 / 1
-------------------------------------------------------------------------
Delay:               2.279ns (Levels of Logic = 0)
  Source:            rfile/Mram_registers_ren3 (RAM)
  Destination:       operand2_0 (FF)
  Source Clock:      clk rising
  Destination Clock: clk rising

  Data Path: rfile/Mram_registers_ren3 to operand2_0
                                Gate     Net
    Cell:in->out      fanout   Delay   Delay  Logical Name (Net Name)
    ----------------------------------------  ------------
     RAM16X1D:WCLK->DPO    1   1.654   0.357  rfile/Mram_registers_ren3 (w_read_data2<2>)
     FD:D                      0.268          operand2_0
    ----------------------------------------
    Total                      2.279ns (1.922ns logic, 0.357ns route)
                                       (84.3% logic, 15.7% route)

=========================================================================
Timing constraint: Default OFFSET IN BEFORE for Clock 'clk'
  Total number of paths / destination ports: 119 / 16
-------------------------------------------------------------------------
Offset:              5.310ns (Levels of Logic = 5)
  Source:            instruct_dir<6> (PAD)
  Destination:       operand2_0 (FF)
  Destination Clock: clk rising

  Data Path: instruct_dir<6> to operand2_0
                                Gate     Net
    Cell:in->out      fanout   Delay   Delay  Logical Name (Net Name)
    ----------------------------------------  ------------
     IBUF:I->O             1   1.106   0.509  instruct_dir_6_IBUF (instruct_dir_6_IBUF)
     LUT4:I0->O            1   0.612   0.000  cunit/reg_write_cmp_eq000111 (cunit/reg_write_cmp_eq00011)
     MUXF5:I0->O           6   0.278   0.599  cunit/reg_write_cmp_eq00011_f5 (N4)
     LUT4:I2->O            1   0.612   0.357  imem/data<8>1 (imem_instruction<8>)
     RAM16X1D:DPRA1->DPO    1   0.612   0.357  rfile/Mram_registers_ren3 (w_read_data2<2>)
     FD:D                      0.268          operand2_0
    ----------------------------------------
    Total                      5.310ns (3.488ns logic, 1.822ns route)
                                       (65.7% logic, 34.3% route)

=========================================================================
Timing constraint: Default OFFSET OUT AFTER for Clock 'clk'
  Total number of paths / destination ports: 12 / 10
-------------------------------------------------------------------------
Offset:              6.241ns (Levels of Logic = 2)
  Source:            rfile/Mram_registers2 (RAM)
  Destination:       is_zero (PAD)
  Source Clock:      clk rising

  Data Path: rfile/Mram_registers2 to is_zero
                                Gate     Net
    Cell:in->out      fanout   Delay   Delay  Logical Name (Net Name)
    ----------------------------------------  ------------
     RAM16X1D:WCLK->DPO    2   1.654   0.449  rfile/Mram_registers2 (read_data1<1>)
     LUT3:I1->O            1   0.612   0.357  alun/is_zero1 (is_zero_OBUF)
     OBUF:I->O                 3.169          is_zero_OBUF (is_zero)
    ----------------------------------------
    Total                      6.241ns (5.435ns logic, 0.806ns route)
                                       (87.1% logic, 12.9% route)

=========================================================================
Timing constraint: Default path analysis
  Total number of paths / destination ports: 64 / 10
-------------------------------------------------------------------------
Delay:               9.786ns (Levels of Logic = 7)
  Source:            instruct_dir<6> (PAD)
  Destination:       is_zero (PAD)

  Data Path: instruct_dir<6> to is_zero
                                Gate     Net
    Cell:in->out      fanout   Delay   Delay  Logical Name (Net Name)
    ----------------------------------------  ------------
     IBUF:I->O             1   1.106   0.509  instruct_dir_6_IBUF (instruct_dir_6_IBUF)
     LUT4:I0->O            1   0.612   0.000  cunit/reg_write_cmp_eq000111 (cunit/reg_write_cmp_eq00011)
     MUXF5:I0->O           6   0.278   0.721  cunit/reg_write_cmp_eq00011_f5 (N4)
     LUT4:I0->O           10   0.612   0.750  imem/data<9>1 (imem_instruction<9>)
     RAM16X1D:DPRA0->DPO    2   0.612   0.449  rfile/Mram_registers2 (read_data1<1>)
     LUT3:I1->O            1   0.612   0.357  alun/is_zero1 (is_zero_OBUF)
     OBUF:I->O                 3.169          is_zero_OBUF (is_zero)
    ----------------------------------------
    Total                      9.786ns (7.001ns logic, 2.785ns route)
                                       (71.5% logic, 28.5% route)

=========================================================================


Total REAL time to Xst completion: 4.00 secs
Total CPU time to Xst completion: 4.01 secs
 
--> 

Total memory usage is 211952 kilobytes

Number of errors   :    0 (   0 filtered)
Number of warnings :   30 (   0 filtered)
Number of infos    :   23 (   0 filtered)

